
> regex-workbench@1.0.0 build
> npm run validate:env && npm run generate:public && next build --webpack && npm run audit:out


> regex-workbench@1.0.0 validate:env
> node scripts/check-environment.mjs

Environment summary: site=valid, contact=not set, verification=not set, adsense=set, script=false, manualAds=false
✓ Environment validation passed without printing sensitive values.

> regex-workbench@1.0.0 generate:public
> node scripts/generate-public-files.mjs

Generated sitemap with 211 canonical URLs and feeds for 6 locales.
⚠ No build cache found. Please configure build caching for faster rebuilds. Read more: https://nextjs.org/docs/messages/no-cache
▲ Next.js 16.2.9 (webpack)
- Environments: .env.production
- Experiments (use with caution):
  · cpus: 2
  · staticGenerationMaxConcurrency: 2
  · staticGenerationMinPagesPerWorker: 20

  Creating an optimized production build ...
✓ Compiled successfully in 10.7s
  Running TypeScript ...
  Finished TypeScript in 5.6s ...
  Collecting page data using 2 workers ...
  Generating static pages using 2 workers (0/213) ...
  Generating static pages using 2 workers (53/213) 
  Generating static pages using 2 workers (106/213) 
  Generating static pages using 2 workers (159/213) 
✓ Generating static pages using 2 workers (213/213) in 4.1s
  Finalizing page optimization ...
  Collecting build traces ...

Route (app)
┌ ○ /
├ ○ /_not-found
├ ● /[locale]
│ ├ /en
│ ├ /ko
│ ├ /ja
│ └ [+3 more paths]
├ ● /[locale]/about
│ ├ /en/about
│ ├ /ko/about
│ ├ /ja/about
│ └ [+3 more paths]
├ ● /[locale]/accessibility
│ ├ /en/accessibility
│ ├ /ko/accessibility
│ ├ /ja/accessibility
│ └ [+3 more paths]
├ ● /[locale]/cheat-sheet
│ ├ /en/cheat-sheet
│ ├ /ko/cheat-sheet
│ ├ /ja/cheat-sheet
│ └ [+3 more paths]
├ ● /[locale]/contact
│ ├ /en/contact
│ ├ /ko/contact
│ ├ /ja/contact
│ └ [+3 more paths]
├ ● /[locale]/cookies
│ ├ /en/cookies
│ ├ /ko/cookies
│ ├ /ja/cookies
│ └ [+3 more paths]
├ ● /[locale]/editorial-policy
│ ├ /en/editorial-policy
│ ├ /ko/editorial-policy
│ ├ /ja/editorial-policy
│ └ [+3 more paths]
├ ● /[locale]/explainer
│ ├ /en/explainer
│ ├ /ko/explainer
│ ├ /ja/explainer
│ └ [+3 more paths]
├ ● /[locale]/extract
│ ├ /en/extract
│ ├ /ko/extract
│ ├ /ja/extract
│ └ [+3 more paths]
├ ● /[locale]/faq
│ ├ /en/faq
│ ├ /ko/faq
│ ├ /ja/faq
│ └ [+3 more paths]
├ ● /[locale]/file-filter
│ ├ /en/file-filter
│ ├ /ko/file-filter
│ ├ /ja/file-filter
│ └ [+3 more paths]
├ ● /[locale]/guides
│ ├ /en/guides
│ ├ /ko/guides
│ ├ /ja/guides
│ └ [+3 more paths]
├ ● /[locale]/guides/[slug]
│ ├ /en/guides/javascript-regex-complete-guide
│ ├ /en/guides/character-classes-escaping
│ ├ /en/guides/capture-groups-named-groups
│ └ [+87 more paths]
├ ● /[locale]/how-it-works
│ ├ /en/how-it-works
│ ├ /ko/how-it-works
│ ├ /ja/how-it-works
│ └ [+3 more paths]
├ ● /[locale]/methodology
│ ├ /en/methodology
│ ├ /ko/methodology
│ ├ /ja/methodology
│ └ [+3 more paths]
├ ● /[locale]/privacy
│ ├ /en/privacy
│ ├ /ko/privacy
│ ├ /ja/privacy
│ └ [+3 more paths]
├ ● /[locale]/replace
│ ├ /en/replace
│ ├ /ko/replace
│ ├ /ja/replace
│ └ [+3 more paths]
├ ● /[locale]/resources
│ ├ /en/resources
│ ├ /ko/resources
│ ├ /ja/resources
│ └ [+3 more paths]
├ ● /[locale]/security
│ ├ /en/security
│ ├ /ko/security
│ ├ /ja/security
│ └ [+3 more paths]
├ ● /[locale]/terms
│ ├ /en/terms
│ ├ /ko/terms
│ ├ /ja/terms
│ └ [+3 more paths]
└ ● /[locale]/tester
  ├ /en/tester
  ├ /ko/tester
  ├ /ja/tester
  └ [+3 more paths]


○  (Static)  prerendered as static content
●  (SSG)     prerendered as static HTML (uses generateStaticParams)


> regex-workbench@1.0.0 audit:out
> node scripts/check-generated-html.mjs && npm run audit:i18n && npm run audit:content && npm run audit:seo && npm run audit:links && npm run audit:ads && npm run audit:regex

✓ Generated HTML audit passed for 211 indexable HTML files.

> regex-workbench@1.0.0 audit:i18n
> node scripts/check-i18n-keys.mjs && node scripts/check-untranslated-copy.mjs

✓ en: 186 translation keys complete
✓ ko: 186 translation keys complete
✓ ja: 186 translation keys complete
✓ es: 186 translation keys complete
✓ fr: 186 translation keys complete
✓ de: 186 translation keys complete
✓ No known UI or likely English-sentence regressions found on non-English pages.

> regex-workbench@1.0.0 audit:content
> node scripts/check-content-length.mjs && node scripts/check-duplicate-content.mjs

✓ Content length passed for 6 homes, 42 tool pages, and 90 guides.
✓ Duplicate audit passed. Highest localized page phrase similarity: 42.0% (/en/about/ <> /en/editorial-policy/).

> regex-workbench@1.0.0 audit:seo
> node scripts/check-metadata.mjs && node scripts/check-hreflang.mjs && node scripts/check-html-lang.mjs && node scripts/check-sitemap.mjs && node scripts/check-structured-data.mjs

✓ Metadata titles, descriptions, and canonicals are unique and normalized.
✓ All pages contain reciprocal, existing 6-locale hreflang targets plus x-default.
✓ Every generated HTML file has the expected initial html lang value.
✓ sitemap.xml, sitemap.txt, robots.txt, and 14 RSS/Atom feeds are complete.
✓ Validated 510 JSON-LD blocks without fabricated ratings.

> regex-workbench@1.0.0 audit:links
> node scripts/check-internal-links.mjs

✓ Internal link audit passed; 186 local targets receive links.

> regex-workbench@1.0.0 audit:ads
> node scripts/check-adsense-meta.mjs && node scripts/check-ads-txt.mjs

✓ AdSense ownership meta is present once on 211 indexable pages.
✓ ads.txt exists with the expected UTF-8 publisher record.

> regex-workbench@1.0.0 audit:regex
> node scripts/check-regex-examples.mjs

✓ Compiled 15 guide patterns and verified designated success or rejection examples with their required flags.
